<one:Section xmlns:one="http://schemas.microsoft.com/office/onenote/2013/onenote" name="CSharp" ID="{443F89FE-0C2F-41D2-8FCA-B54E1F45349B}{1}{B0}" path="C:\OneNote\UnitTestNote\Backend\DotNet\CSharp.one" lastModifiedTime="2021-12-21T07:56:53.000Z" color="#91BAAE" isCurrentlyViewed="true">
	<one:Page ID="{443F89FE-0C2F-41D2-8FCA-B54E1F45349B}{1}{E19554024442055462406520137364240064103627971}" name="Office Addin" dateTime="2021-12-21T07:52:40.000Z" lastModifiedTime="2021-12-21T07:56:29.000Z" pageLevel="1" >
		<one:Page ID="{443F89FE-0C2F-41D2-8FCA-B54E1F45349B}{1}{E19524986248993555224420161066687775526316971}" name="OneNote add-in" dateTime="2021-12-21T07:56:34.000Z" lastModifiedTime="2021-12-21T07:56:47.000Z" pageLevel="2" isCurrentlyViewed="true" />
	</one:Page>
</one:Section>