<one:SectionGroup xmlns:one="http://schemas.microsoft.com/office/onenote/2013/onenote" name="DotNet" ID="{6F8F683A-D9FE-4CDD-8605-8BAA00E742EA}{1}{B0}" path="C:\OneNote\UnitTestNote\Backend\DotNet" lastModifiedTime="2021-12-21T07:57:54.000Z" isCurrentlyViewed="true">
	<one:Section name="CSharp" ID="{443F89FE-0C2F-41D2-8FCA-B54E1F45349B}{1}{B0}" path="C:\OneNote\UnitTestNote\Backend\DotNet\CSharp.one" lastModifiedTime="2021-12-21T07:56:53.000Z" color="#91BAAE" isCurrentlyViewed="true">
		<one:Page ID="{443F89FE-0C2F-41D2-8FCA-B54E1F45349B}{1}{E19554024442055462406520137364240064103627971}" name="Office Addin" dateTime="2021-12-21T07:52:40.000Z" lastModifiedTime="2021-12-21T07:56:29.000Z" pageLevel="1" >
			<one:Page ID="{443F89FE-0C2F-41D2-8FCA-B54E1F45349B}{1}{E19524986248993555224420161066687775526316971}" name="OneNote add-in" dateTime="2021-12-21T07:56:34.000Z" lastModifiedTime="2021-12-21T07:56:47.000Z" pageLevel="2" isCurrentlyViewed="true" />
		</one:Page>
	</one:Section>
	<one:Section name="FSharp" ID="{9CA0EF3E-A634-41E8-A1B7-821A01E657E2}{1}{B0}" path="C:\OneNote\UnitTestNote\Backend\DotNet\FSharp.one" lastModifiedTime="2021-12-21T07:57:54.000Z" color="#F6B078">
		<one:Page ID="{9CA0EF3E-A634-41E8-A1B7-821A01E657E2}{1}{E1949968395446988629731972422109116520132061}" name="Data Analyzation" dateTime="2021-12-21T07:54:26.000Z" lastModifiedTime="2021-12-21T07:57:54.000Z" pageLevel="1" />
	</one:Section>
</one:SectionGroup>